# SYNTAX: ghuser/ghrepo [version], where optional 'version' is:
#   - exact match or name
#   - -N, where N is number - skip N latest versions (-1 - skip first)

## have releases both for x86_64 and aarch64
microsoft/ripgrep-prebuilt # original repo only for x86_64
ajeetdsouza/zoxide
ClementTsang/bottom # top-like
Peltoche/lsd
bmatsuo/jqsh
charmbracelet/glow
dandavison/delta # diff viewer
eth-p/bat-extras
gokcehan/lf # 3-pane file manager
jesseduffield/lazydocker # docker tui
jesseduffield/lazygit # git tui
junegunn/fzf # fyzzy finder tui
ms-jpq/sad # Batch File Edit tool, sed with preview
sharkdp/bat
sharkdp/fd
bootandy/dust
koalaman/shellcheck
aristocratos/btop
FiloSottile/age
muesli/duf # Disk Usage/Free Utility
zyedidia/micro # nano editor on steroids - customizations + plugins

## x86 only - use with -I for other arches
phiresky/ripgrep-all
ogham/exa
sayanarijit/xplr # os only, no arch in name
extrawurst/gitui # os only, no arch in name
neovim/neovim -1
smallhadroncollider/taskell

# FIXME: gui apps - should be listed outhere
# vnotex/vnote -1

# FIXME: i dont use them at all
# wfxr/code-minimap

## bash scripts - multiple archives, installer cant deal with
# dylanaraps/fff # source code only

##  bad release urls - only arch, or only os, or another me doronbehar/pistol # single binary, no extra name, no archive
