# SYNTAX: ghuser/ghrepo [version], where optional 'version' is:
#   - exact match or name
#   - -N, where N is number - skip N latest versions (-1 - skip first)

## have releases both for x86_64 and aarch64
microsoft/ripgrep-prebuilt # original repo only for x86_64
ajeetdsouza/zoxide # remembers which directories you use most frequently
ClementTsang/bottom # top-like
lsd-rs/lsd # ls with lots of added feature
bmatsuo/jqsh # nteractive wrapper to the jq
noahgorstein/jqp # TUI playground for exploring jq
charmbracelet/glow # render markdown
dandavison/delta # diff viewer
eth-p/bat-extras # batgrep, batman, batpipe, batwatch, batdiff, prettybat
gokcehan/lf # 3-pane file manager
jesseduffield/lazydocker # docker tui
jesseduffield/lazygit # git tui
junegunn/fzf # fyzzy finder tui
ms-jpq/sad # Batch File Edit tool, sed with preview
sharkdp/bat # syntax highlighting
sharkdp/fd # alternative to find
bootandy/dust # du alternative
koalaman/shellcheck # warnings and suggestions for bash/sh shell scripts
aristocratos/btop # resource monitor with lots of stats
FiloSottile/age #  file encryption tool, format, and Go library.
muesli/duf # Disk Usage/Free Utility
zyedidia/micro # nano editor on steroids - customizations + plugins
charmbracelet/gum # tool for glamorous shell scripts (widgets).
ismaelgv/rnr # tool to securely rename multiple files and directories that supports regular expressions.
sigoden/argc # external command-line options, arguments and sub-commands parser for bash.
tramhao/termusic # Terminal Music and Podcast Player written in Rust; needs libmpv1 to be installed
timdubbins/tap # audio player for the terminal with fuzzy-finder shortcuts


## x86 only - use with -I for other arches
phiresky/ripgrep-all # look for a regex in a multitude of file types
ogham/exa # ls alternative
sayanarijit/xplr # os only, no arch in name
extrawurst/gitui # os only, no arch in name
smallhadroncollider/taskell # kanban board/task manager
ArthurSonzogni/json-tui # interactive json viewer with branch collapsing
ArthurSonzogni/git-tui # collection of human friendly terminal user interface for git.
neovim/neovim -1
# neovim/neovim v0.9.2 # versions >=v0.9.4 break Telescope on LunarVim<=1.2: https://github.com/nvim-telescope/telescope.nvim/issues/2747

# FIXME: gui apps - should be listed outhere
# vnotex/vnote -1
# kovidgoyal/kitty

# places alotof trash into bin/ with symlinks
# ~/.local/bin$ ll | grep logseq | rev | cut -d/ -f1 | cut -c2- | rev | xargs rm
# ln -s /home/iggu/.local/lib/ghri/x86_64/logseq++logseq++nightly/Logseq ./
# logseq/logseq # knowledge management and collaboration

# FIXME: i dont use them at all
# wfxr/code-minimap

## bash scripts - multiple archives, installer cant deal with
# dylanaraps/fff # source code only

##  bad release urls - only arch, or only os, or another me doronbehar/pistol # single binary, no extra name, no archive
